Exception in thread Thread-16 (run):
Traceback (most recent call last):
  File "C:\Users\NOE-PC\AppData\Local\Programs\Python\Python312\Lib\threading.py", line 1075, in _bootstrap_inner
    self.run()
  File "C:\Users\NOE-PC\AppData\Local\Programs\Python\Python312\Lib\threading.py", line 1012, in run
    self._target(*self._args, **self._kwargs)
  File "C:\Users\NOE-PC\AppData\Local\Programs\Python\Python312\Lib\site-packages\platformio\proc.py", line 48, in run
    self.do_reading()
  File "C:\Users\NOE-PC\AppData\Local\Programs\Python\Python312\Lib\site-packages\platformio\proc.py", line 103, in do_reading
    self.line_callback(line)
  File "C:\Users\NOE-PC\AppData\Local\Programs\Python\Python312\Lib\site-packages\platformio\platform\_run.py", line 138, in _on_stdout_line
    self._echo_line(line, level=1)
  File "C:\Users\NOE-PC\AppData\Local\Programs\Python\Python312\Lib\site-packages\platformio\platform\_run.py", line 159, in _echo_line
    click.secho(line, fg=fg, err=level > 1, nl=False)
  File "C:\Users\NOE-PC\AppData\Local\Programs\Python\Python312\Lib\site-packages\platformio\__main__.py", line 90, in <lambda>
    click.secho = lambda *args, **kwargs: _safe_echo(1, *args, **kwargs)
                                          ^^^^^^^^^^^^^^^^^^^^^^^^^^^^^^
  File "C:\Users\NOE-PC\AppData\Local\Programs\Python\Python312\Lib\site-packages\platformio\__main__.py", line 83, in _safe_echo
    click_echo_origin[origin](*args, **kwargs)
  File "C:\Users\NOE-PC\AppData\Local\Programs\Python\Python312\Lib\site-packages\click\termui.py", line 698, in secho
    return echo(message, file=file, nl=nl, err=err, color=color)
           ^^^^^^^^^^^^^^^^^^^^^^^^^^^^^^^^^^^^^^^^^^^^^^^^^^^^^
  File "C:\Users\NOE-PC\AppData\Local\Programs\Python\Python312\Lib\site-packages\click\utils.py", line 324, in echo
    file.write(out)  # type: ignore
    ^^^^^^^^^^^^^^^
  File "C:\Users\NOE-PC\AppData\Local\Programs\Python\Python312\Lib\encodings\cp1252.py", line 19, in encode
    return codecs.charmap_encode(input,self.errors,encoding_table)[0]
           ^^^^^^^^^^^^^^^^^^^^^^^^^^^^^^^^^^^^^^^^^^^^^^^^^^^^^^^
UnicodeEncodeError: 'charmap' codec can't encode character '\u2713' in position 0: character maps to <undefined>
