Processing default (platform: https://github.com/pioarduino/platform-espressif32/releases/download/55.03.37/platform-espressif32.zip; board: esp32-c3-devkitm-1; framework: arduino)
--------------------------------------------------------------------------------
Verbose mode can be enabled via `-v, --verbose` option
Generated: src\network\html\FilesPageHtml.generated.h
  Original: 217891 bytes
  Minified: 214095 bytes (98.3%)
  Compressed: 47939 bytes (22.0%)
Generated: src\network\html\HomePageHtml.generated.h
  Original: 4313 bytes
  Minified: 4057 bytes (94.1%)
  Compressed: 1424 bytes (33.0%)
Generated: src\network\html\RemotePageHtml.generated.h
  Original: 9064 bytes
  Minified: 8352 bytes (92.1%)
  Compressed: 2338 bytes (25.8%)
Generated: src\network\html\SettingsPageHtml.generated.h
  Original: 24179 bytes
  Minified: 24068 bytes (99.5%)
  Compressed: 5668 bytes (23.4%)
Generated: src\network\html\js\jszip_minJs.generated.h
  Original: 97630 bytes
  Minified: 97630 bytes (100.0%)
  Compressed: 28379 bytes (29.1%)
Running i18n generation script from PlatformIO...
Reading translations from: lib/I18n/translations
Output directory: lib/I18n/

  INFO: 'STR_BLUETOOTH' missing in ES, using English fallback
  INFO: 'STR_BLUETOOTH' missing in FR, using English fallback
  INFO: 'STR_BLUETOOTH' missing in DE, using English fallback
  INFO: 'STR_BLUETOOTH' missing in CS, using English fallback
  INFO: 'STR_BLUETOOTH' missing in PT, using English fallback
  INFO: 'STR_BLUETOOTH' missing in RU, using English fallback
  INFO: 'STR_BLUETOOTH' missing in SV, using English fallback
  INFO: 'STR_BLUETOOTH' missing in RO, using English fallback
  INFO: 'STR_BLUETOOTH' missing in CA, using English fallback
  INFO: 'STR_BLUETOOTH' missing in UK, using English fallback
  INFO: 'STR_BLUETOOTH' missing in BE, using English fallback
  INFO: 'STR_BLUETOOTH' missing in IT, using English fallback
  INFO: 'STR_BLUETOOTH' missing in PL, using English fallback
  INFO: 'STR_BLUETOOTH' missing in FI, using English fallback
  INFO: 'STR_BLUETOOTH' missing in DA, using English fallback
  INFO: 'STR_BLUETOOTH' missing in NL, using English fallback
  INFO: 'STR_BLUETOOTH' missing in TR, using English fallback
  INFO: 'STR_BLUETOOTH' missing in KK, using English fallback
  INFO: 'STR_BLUETOOTH' missing in HU, using English fallback
  INFO: 'STR_BLUETOOTH' missing in LT, using English fallback
  INFO: 'STR_BLUETOOTH' missing in SI, using English fallback
  INFO: 'STR_BT_SCAN_NOW' missing in ES, using English fallback
  INFO: 'STR_BT_SCAN_NOW' missing in FR, using English fallback
  INFO: 'STR_BT_SCAN_NOW' missing in DE, using English fallback
  INFO: 'STR_BT_SCAN_NOW' missing in CS, using English fallback
  INFO: 'STR_BT_SCAN_NOW' missing in PT, using English fallback
  INFO: 'STR_BT_SCAN_NOW' missing in RU, using English fallback
  INFO: 'STR_BT_SCAN_NOW' missing in SV, using English fallback
  INFO: 'STR_BT_SCAN_NOW' missing in RO, using English fallback
  INFO: 'STR_BT_SCAN_NOW' missing in CA, using English fallback
  INFO: 'STR_BT_SCAN_NOW' missing in UK, using English fallback
  INFO: 'STR_BT_SCAN_NOW' missing in BE, using English fallback
  INFO: 'STR_BT_SCAN_NOW' missing in IT, using English fallback
  INFO: 'STR_BT_SCAN_NOW' missing in PL, using English fallback
  INFO: 'STR_BT_SCAN_NOW' missing in FI, using English fallback
  INFO: 'STR_BT_SCAN_NOW' missing in DA, using English fallback
  INFO: 'STR_BT_SCAN_NOW' missing in NL, using English fallback
  INFO: 'STR_BT_SCAN_NOW' missing in TR, using English fallback
  INFO: 'STR_BT_SCAN_NOW' missing in KK, using English fallback
  INFO: 'STR_BT_SCAN_NOW' missing in HU, using English fallback
  INFO: 'STR_BT_SCAN_NOW' missing in LT, using English fallback
  INFO: 'STR_BT_SCAN_NOW' missing in SI, using English fallback
  INFO: 'STR_BT_SCANNING' missing in ES, using English fallback
  INFO: 'STR_BT_SCANNING' missing in FR, using English fallback
  INFO: 'STR_BT_SCANNING' missing in DE, using English fallback
  INFO: 'STR_BT_SCANNING' missing in CS, using English fallback
  INFO: 'STR_BT_SCANNING' missing in PT, using English fallback
  INFO: 'STR_BT_SCANNING' missing in RU, using English fallback
  INFO: 'STR_BT_SCANNING' missing in SV, using English fallback
  INFO: 'STR_BT_SCANNING' missing in RO, using English fallback
  INFO: 'STR_BT_SCANNING' missing in CA, using English fallback
  INFO: 'STR_BT_SCANNING' missing in UK, using English fallback
  INFO: 'STR_BT_SCANNING' missing in BE, using English fallback
  INFO: 'STR_BT_SCANNING' missing in IT, using English fallback
  INFO: 'STR_BT_SCANNING' missing in PL, using English fallback
  INFO: 'STR_BT_SCANNING' missing in FI, using English fallback
  INFO: 'STR_BT_SCANNING' missing in DA, using English fallback
  INFO: 'STR_BT_SCANNING' missing in NL, using English fallback
  INFO: 'STR_BT_SCANNING' missing in TR, using English fallback
  INFO: 'STR_BT_SCANNING' missing in KK, using English fallback
  INFO: 'STR_BT_SCANNING' missing in HU, using English fallback
  INFO: 'STR_BT_SCANNING' missing in LT, using English fallback
  INFO: 'STR_BT_SCANNING' missing in SI, using English fallback
  INFO: 'STR_BT_READY_TO_CONNECT' missing in ES, using English fallback
  INFO: 'STR_BT_READY_TO_CONNECT' missing in FR, using English fallback
  INFO: 'STR_BT_READY_TO_CONNECT' missing in DE, using English fallback
  INFO: 'STR_BT_READY_TO_CONNECT' missing in CS, using English fallback
  INFO: 'STR_BT_READY_TO_CONNECT' missing in PT, using English fallback
  INFO: 'STR_BT_READY_TO_CONNECT' missing in RU, using English fallback
  INFO: 'STR_BT_READY_TO_CONNECT' missing in SV, using English fallback
  INFO: 'STR_BT_READY_TO_CONNECT' missing in RO, using English fallback
  INFO: 'STR_BT_READY_TO_CONNECT' missing in CA, using English fallback
  INFO: 'STR_BT_READY_TO_CONNECT' missing in UK, using English fallback
  INFO: 'STR_BT_READY_TO_CONNECT' missing in BE, using English fallback
  INFO: 'STR_BT_READY_TO_CONNECT' missing in IT, using English fallback
  INFO: 'STR_BT_READY_TO_CONNECT' missing in PL, using English fallback
  INFO: 'STR_BT_READY_TO_CONNECT' missing in FI, using English fallback
  INFO: 'STR_BT_READY_TO_CONNECT' missing in DA, using English fallback
  INFO: 'STR_BT_READY_TO_CONNECT' missing in NL, using English fallback
  INFO: 'STR_BT_READY_TO_CONNECT' missing in TR, using English fallback
  INFO: 'STR_BT_READY_TO_CONNECT' missing in KK, using English fallback
  INFO: 'STR_BT_READY_TO_CONNECT' missing in HU, using English fallback
  INFO: 'STR_BT_READY_TO_CONNECT' missing in LT, using English fallback
  INFO: 'STR_BT_READY_TO_CONNECT' missing in SI, using English fallback
  INFO: 'STR_BT_CONNECTING' missing in ES, using English fallback
  INFO: 'STR_BT_CONNECTING' missing in FR, using English fallback
  INFO: 'STR_BT_CONNECTING' missing in DE, using English fallback
  INFO: 'STR_BT_CONNECTING' missing in CS, using English fallback
  INFO: 'STR_BT_CONNECTING' missing in PT, using English fallback
  INFO: 'STR_BT_CONNECTING' missing in RU, using English fallback
  INFO: 'STR_BT_CONNECTING' missing in SV, using English fallback
  INFO: 'STR_BT_CONNECTING' missing in RO, using English fallback
  INFO: 'STR_BT_CONNECTING' missing in CA, using English fallback
  INFO: 'STR_BT_CONNECTING' missing in UK, using English fallback
  INFO: 'STR_BT_CONNECTING' missing in BE, using English fallback
  INFO: 'STR_BT_CONNECTING' missing in IT, using English fallback
  INFO: 'STR_BT_CONNECTING' missing in PL, using English fallback
  INFO: 'STR_BT_CONNECTING' missing in FI, using English fallback
  INFO: 'STR_BT_CONNECTING' missing in DA, using English fallback
  INFO: 'STR_BT_CONNECTING' missing in NL, using English fallback
  INFO: 'STR_BT_CONNECTING' missing in TR, using English fallback
  INFO: 'STR_BT_CONNECTING' missing in KK, using English fallback
  INFO: 'STR_BT_CONNECTING' missing in HU, using English fallback
  INFO: 'STR_BT_CONNECTING' missing in LT, using English fallback
  INFO: 'STR_BT_CONNECTING' missing in SI, using English fallback
  INFO: 'STR_BT_CONNECTED' missing in ES, using English fallback
  INFO: 'STR_BT_CONNECTED' missing in FR, using English fallback
  INFO: 'STR_BT_CONNECTED' missing in DE, using English fallback
  INFO: 'STR_BT_CONNECTED' missing in CS, using English fallback
  INFO: 'STR_BT_CONNECTED' missing in PT, using English fallback
  INFO: 'STR_BT_CONNECTED' missing in RU, using English fallback
  INFO: 'STR_BT_CONNECTED' missing in SV, using English fallback
  INFO: 'STR_BT_CONNECTED' missing in RO, using English fallback
  INFO: 'STR_BT_CONNECTED' missing in CA, using English fallback
  INFO: 'STR_BT_CONNECTED' missing in UK, using English fallback
  INFO: 'STR_BT_CONNECTED' missing in BE, using English fallback
  INFO: 'STR_BT_CONNECTED' missing in IT, using English fallback
  INFO: 'STR_BT_CONNECTED' missing in PL, using English fallback
  INFO: 'STR_BT_CONNECTED' missing in FI, using English fallback
  INFO: 'STR_BT_CONNECTED' missing in DA, using English fallback
  INFO: 'STR_BT_CONNECTED' missing in NL, using English fallback
  INFO: 'STR_BT_CONNECTED' missing in TR, using English fallback
  INFO: 'STR_BT_CONNECTED' missing in KK, using English fallback
  INFO: 'STR_BT_CONNECTED' missing in HU, using English fallback
  INFO: 'STR_BT_CONNECTED' missing in LT, using English fallback
  INFO: 'STR_BT_CONNECTED' missing in SI, using English fallback
  INFO: 'STR_BT_NOT_CONNECTED' missing in ES, using English fallback
  INFO: 'STR_BT_NOT_CONNECTED' missing in FR, using English fallback
  INFO: 'STR_BT_NOT_CONNECTED' missing in DE, using English fallback
  INFO: 'STR_BT_NOT_CONNECTED' missing in CS, using English fallback
  INFO: 'STR_BT_NOT_CONNECTED' missing in PT, using English fallback
  INFO: 'STR_BT_NOT_CONNECTED' missing in RU, using English fallback
  INFO: 'STR_BT_NOT_CONNECTED' missing in SV, using English fallback
  INFO: 'STR_BT_NOT_CONNECTED' missing in RO, using English fallback
  INFO: 'STR_BT_NOT_CONNECTED' missing in CA, using English fallback
  INFO: 'STR_BT_NOT_CONNECTED' missing in UK, using English fallback
  INFO: 'STR_BT_NOT_CONNECTED' missing in BE, using English fallback
  INFO: 'STR_BT_NOT_CONNECTED' missing in IT, using English fallback
  INFO: 'STR_BT_NOT_CONNECTED' missing in PL, using English fallback
  INFO: 'STR_BT_NOT_CONNECTED' missing in FI, using English fallback
  INFO: 'STR_BT_NOT_CONNECTED' missing in DA, using English fallback
  INFO: 'STR_BT_NOT_CONNECTED' missing in NL, using English fallback
  INFO: 'STR_BT_NOT_CONNECTED' missing in TR, using English fallback
  INFO: 'STR_BT_NOT_CONNECTED' missing in KK, using English fallback
  INFO: 'STR_BT_NOT_CONNECTED' missing in HU, using English fallback
  INFO: 'STR_BT_NOT_CONNECTED' missing in LT, using English fallback
  INFO: 'STR_BT_NOT_CONNECTED' missing in SI, using English fallback
  INFO: 'STR_BT_DISCONNECT' missing in ES, using English fallback
  INFO: 'STR_BT_DISCONNECT' missing in FR, using English fallback
  INFO: 'STR_BT_DISCONNECT' missing in DE, using English fallback
  INFO: 'STR_BT_DISCONNECT' missing in CS, using English fallback
  INFO: 'STR_BT_DISCONNECT' missing in PT, using English fallback
  INFO: 'STR_BT_DISCONNECT' missing in RU, using English fallback
  INFO: 'STR_BT_DISCONNECT' missing in SV, using English fallback
  INFO: 'STR_BT_DISCONNECT' missing in RO, using English fallback
  INFO: 'STR_BT_DISCONNECT' missing in CA, using English fallback
  INFO: 'STR_BT_DISCONNECT' missing in UK, using English fallback
  INFO: 'STR_BT_DISCONNECT' missing in BE, using English fallback
  INFO: 'STR_BT_DISCONNECT' missing in IT, using English fallback
  INFO: 'STR_BT_DISCONNECT' missing in PL, using English fallback
  INFO: 'STR_BT_DISCONNECT' missing in FI, using English fallback
  INFO: 'STR_BT_DISCONNECT' missing in DA, using English fallback
  INFO: 'STR_BT_DISCONNECT' missing in NL, using English fallback
  INFO: 'STR_BT_DISCONNECT' missing in TR, using English fallback
  INFO: 'STR_BT_DISCONNECT' missing in KK, using English fallback
  INFO: 'STR_BT_DISCONNECT' missing in HU, using English fallback
  INFO: 'STR_BT_DISCONNECT' missing in LT, using English fallback
  INFO: 'STR_BT_DISCONNECT' missing in SI, using English fallback
  INFO: 'STR_BT_NO_DEVICES' missing in ES, using English fallback
  INFO: 'STR_BT_NO_DEVICES' missing in FR, using English fallback
  INFO: 'STR_BT_NO_DEVICES' missing in DE, using English fallback
  INFO: 'STR_BT_NO_DEVICES' missing in CS, using English fallback
  INFO: 'STR_BT_NO_DEVICES' missing in PT, using English fallback
  INFO: 'STR_BT_NO_DEVICES' missing in RU, using English fallback
  INFO: 'STR_BT_NO_DEVICES' missing in SV, using English fallback
  INFO: 'STR_BT_NO_DEVICES' missing in RO, using English fallback
  INFO: 'STR_BT_NO_DEVICES' missing in CA, using English fallback
  INFO: 'STR_BT_NO_DEVICES' missing in UK, using English fallback
  INFO: 'STR_BT_NO_DEVICES' missing in BE, using English fallback
  INFO: 'STR_BT_NO_DEVICES' missing in IT, using English fallback
  INFO: 'STR_BT_NO_DEVICES' missing in PL, using English fallback
  INFO: 'STR_BT_NO_DEVICES' missing in FI, using English fallback
  INFO: 'STR_BT_NO_DEVICES' missing in DA, using English fallback
  INFO: 'STR_BT_NO_DEVICES' missing in NL, using English fallback
  INFO: 'STR_BT_NO_DEVICES' missing in TR, using English fallback
  INFO: 'STR_BT_NO_DEVICES' missing in KK, using English fallback
  INFO: 'STR_BT_NO_DEVICES' missing in HU, using English fallback
  INFO: 'STR_BT_NO_DEVICES' missing in LT, using English fallback
  INFO: 'STR_BT_NO_DEVICES' missing in SI, using English fallback
  INFO: 'STR_BT_TAPXR_ONLY' missing in ES, using English fallback
  INFO: 'STR_BT_TAPXR_ONLY' missing in FR, using English fallback
  INFO: 'STR_BT_TAPXR_ONLY' missing in DE, using English fallback
  INFO: 'STR_BT_TAPXR_ONLY' missing in CS, using English fallback
  INFO: 'STR_BT_TAPXR_ONLY' missing in PT, using English fallback
  INFO: 'STR_BT_TAPXR_ONLY' missing in RU, using English fallback
  INFO: 'STR_BT_TAPXR_ONLY' missing in SV, using English fallback
  INFO: 'STR_BT_TAPXR_ONLY' missing in RO, using English fallback
  INFO: 'STR_BT_TAPXR_ONLY' missing in CA, using English fallback
  INFO: 'STR_BT_TAPXR_ONLY' missing in UK, using English fallback
  INFO: 'STR_BT_TAPXR_ONLY' missing in BE, using English fallback
  INFO: 'STR_BT_TAPXR_ONLY' missing in IT, using English fallback
  INFO: 'STR_BT_TAPXR_ONLY' missing in PL, using English fallback
  INFO: 'STR_BT_TAPXR_ONLY' missing in FI, using English fallback
  INFO: 'STR_BT_TAPXR_ONLY' missing in DA, using English fallback
  INFO: 'STR_BT_TAPXR_ONLY' missing in NL, using English fallback
  INFO: 'STR_BT_TAPXR_ONLY' missing in TR, using English fallback
  INFO: 'STR_BT_TAPXR_ONLY' missing in KK, using English fallback
  INFO: 'STR_BT_TAPXR_ONLY' missing in HU, using English fallback
  INFO: 'STR_BT_TAPXR_ONLY' missing in LT, using English fallback
  INFO: 'STR_BT_TAPXR_ONLY' missing in SI, using English fallback
  INFO: 'STR_BT_SCAN_FAILED' missing in ES, using English fallback
  INFO: 'STR_BT_SCAN_FAILED' missing in FR, using English fallback
  INFO: 'STR_BT_SCAN_FAILED' missing in DE, using English fallback
  INFO: 'STR_BT_SCAN_FAILED' missing in CS, using English fallback
  INFO: 'STR_BT_SCAN_FAILED' missing in PT, using English fallback
  INFO: 'STR_BT_SCAN_FAILED' missing in RU, using English fallback
  INFO: 'STR_BT_SCAN_FAILED' missing in SV, using English fallback
  INFO: 'STR_BT_SCAN_FAILED' missing in RO, using English fallback
  INFO: 'STR_BT_SCAN_FAILED' missing in CA, using English fallback
  INFO: 'STR_BT_SCAN_FAILED' missing in UK, using English fallback
  INFO: 'STR_BT_SCAN_FAILED' missing in BE, using English fallback
  INFO: 'STR_BT_SCAN_FAILED' missing in IT, using English fallback
  INFO: 'STR_BT_SCAN_FAILED' missing in PL, using English fallback
  INFO: 'STR_BT_SCAN_FAILED' missing in FI, using English fallback
  INFO: 'STR_BT_SCAN_FAILED' missing in DA, using English fallback
  INFO: 'STR_BT_SCAN_FAILED' missing in NL, using English fallback
  INFO: 'STR_BT_SCAN_FAILED' missing in TR, using English fallback
  INFO: 'STR_BT_SCAN_FAILED' missing in KK, using English fallback
  INFO: 'STR_BT_SCAN_FAILED' missing in HU, using English fallback
  INFO: 'STR_BT_SCAN_FAILED' missing in LT, using English fallback
  INFO: 'STR_BT_SCAN_FAILED' missing in SI, using English fallback
  INFO: 'STR_BT_CONNECT_FAILED' missing in ES, using English fallback
  INFO: 'STR_BT_CONNECT_FAILED' missing in FR, using English fallback
  INFO: 'STR_BT_CONNECT_FAILED' missing in DE, using English fallback
  INFO: 'STR_BT_CONNECT_FAILED' missing in CS, using English fallback
  INFO: 'STR_BT_CONNECT_FAILED' missing in PT, using English fallback
  INFO: 'STR_BT_CONNECT_FAILED' missing in RU, using English fallback
  INFO: 'STR_BT_CONNECT_FAILED' missing in SV, using English fallback
  INFO: 'STR_BT_CONNECT_FAILED' missing in RO, using English fallback
  INFO: 'STR_BT_CONNECT_FAILED' missing in CA, using English fallback
  INFO: 'STR_BT_CONNECT_FAILED' missing in UK, using English fallback
  INFO: 'STR_BT_CONNECT_FAILED' missing in BE, using English fallback
  INFO: 'STR_BT_CONNECT_FAILED' missing in IT, using English fallback
  INFO: 'STR_BT_CONNECT_FAILED' missing in PL, using English fallback
  INFO: 'STR_BT_CONNECT_FAILED' missing in FI, using English fallback
  INFO: 'STR_BT_CONNECT_FAILED' missing in DA, using English fallback
  INFO: 'STR_BT_CONNECT_FAILED' missing in NL, using English fallback
  INFO: 'STR_BT_CONNECT_FAILED' missing in TR, using English fallback
  INFO: 'STR_BT_CONNECT_FAILED' missing in KK, using English fallback
  INFO: 'STR_BT_CONNECT_FAILED' missing in HU, using English fallback
  INFO: 'STR_BT_CONNECT_FAILED' missing in LT, using English fallback
  INFO: 'STR_BT_CONNECT_FAILED' missing in SI, using English fallback
  INFO: 'STR_BT_INIT_FAILED' missing in ES, using English fallback
  INFO: 'STR_BT_INIT_FAILED' missing in FR, using English fallback
  INFO: 'STR_BT_INIT_FAILED' missing in DE, using English fallback
  INFO: 'STR_BT_INIT_FAILED' missing in CS, using English fallback
  INFO: 'STR_BT_INIT_FAILED' missing in PT, using English fallback
  INFO: 'STR_BT_INIT_FAILED' missing in RU, using English fallback
  INFO: 'STR_BT_INIT_FAILED' missing in SV, using English fallback
  INFO: 'STR_BT_INIT_FAILED' missing in RO, using English fallback
  INFO: 'STR_BT_INIT_FAILED' missing in CA, using English fallback
  INFO: 'STR_BT_INIT_FAILED' missing in UK, using English fallback
  INFO: 'STR_BT_INIT_FAILED' missing in BE, using English fallback
  INFO: 'STR_BT_INIT_FAILED' missing in IT, using English fallback
  INFO: 'STR_BT_INIT_FAILED' missing in PL, using English fallback
  INFO: 'STR_BT_INIT_FAILED' missing in FI, using English fallback
  INFO: 'STR_BT_INIT_FAILED' missing in DA, using English fallback
  INFO: 'STR_BT_INIT_FAILED' missing in NL, using English fallback
  INFO: 'STR_BT_INIT_FAILED' missing in TR, using English fallback
  INFO: 'STR_BT_INIT_FAILED' missing in KK, using English fallback
  INFO: 'STR_BT_INIT_FAILED' missing in HU, using English fallback
  INFO: 'STR_BT_INIT_FAILED' missing in LT, using English fallback
  INFO: 'STR_BT_INIT_FAILED' missing in SI, using English fallback
  INFO: 'STR_TO_PREFIX' missing in KK, using English fallback
  INFO: 'STR_IMAGES' missing in CS, using English fallback
  INFO: 'STR_IMAGES' missing in PT, using English fallback
  INFO: 'STR_IMAGES' missing in FI, using English fallback
  INFO: 'STR_IMAGES_DISPLAY' missing in CS, using English fallback
  INFO: 'STR_IMAGES_DISPLAY' missing in PT, using English fallback
  INFO: 'STR_IMAGES_DISPLAY' missing in FI, using English fallback
  INFO: 'STR_IMAGES_PLACEHOLDER' missing in CS, using English fallback
  INFO: 'STR_IMAGES_PLACEHOLDER' missing in PT, using English fallback
  INFO: 'STR_IMAGES_PLACEHOLDER' missing in FI, using English fallback
  INFO: 'STR_IMAGES_SUPPRESS' missing in CS, using English fallback
  INFO: 'STR_IMAGES_SUPPRESS' missing in PT, using English fallback
  INFO: 'STR_IMAGES_SUPPRESS' missing in FI, using English fallback
  INFO: 'STR_SHOW_HIDDEN_FILES' missing in CS, using English fallback
  INFO: 'STR_SHOW_HIDDEN_FILES' missing in PT, using English fallback
  INFO: 'STR_SHOW_HIDDEN_FILES' missing in FI, using English fallback
  INFO: 'STR_SHOW_HIDDEN_FILES' missing in KK, using English fallback
  INFO: 'STR_FORCE_REFRESH' missing in ES, using English fallback
  INFO: 'STR_FORCE_REFRESH' missing in FR, using English fallback
  INFO: 'STR_FORCE_REFRESH' missing in DE, using English fallback
  INFO: 'STR_FORCE_REFRESH' missing in CS, using English fallback
  INFO: 'STR_FORCE_REFRESH' missing in PT, using English fallback
  INFO: 'STR_FORCE_REFRESH' missing in RU, using English fallback
  INFO: 'STR_FORCE_REFRESH' missing in RO, using English fallback
  INFO: 'STR_FORCE_REFRESH' missing in CA, using English fallback
  INFO: 'STR_FORCE_REFRESH' missing in BE, using English fallback
  INFO: 'STR_FORCE_REFRESH' missing in IT, using English fallback
  INFO: 'STR_FORCE_REFRESH' missing in PL, using English fallback
  INFO: 'STR_FORCE_REFRESH' missing in FI, using English fallback
  INFO: 'STR_FORCE_REFRESH' missing in DA, using English fallback
  INFO: 'STR_FORCE_REFRESH' missing in NL, using English fallback
  INFO: 'STR_FORCE_REFRESH' missing in TR, using English fallback
  INFO: 'STR_FORCE_REFRESH' missing in KK, using English fallback
  INFO: 'STR_FORCE_REFRESH' missing in HU, using English fallback
  INFO: 'STR_FORCE_REFRESH' missing in LT, using English fallback
  INFO: 'STR_FORCE_REFRESH' missing in SI, using English fallback
  INFO: 'STR_BOKERLAM' missing in ES, using English fallback
  INFO: 'STR_BOKERLAM' missing in FR, using English fallback
  INFO: 'STR_BOKERLAM' missing in DE, using English fallback
  INFO: 'STR_BOKERLAM' missing in CS, using English fallback
  INFO: 'STR_BOKERLAM' missing in PT, using English fallback
  INFO: 'STR_BOKERLAM' missing in RU, using English fallback
  INFO: 'STR_BOKERLAM' missing in SV, using English fallback
  INFO: 'STR_BOKERLAM' missing in RO, using English fallback
  INFO: 'STR_BOKERLAM' missing in CA, using English fallback
  INFO: 'STR_BOKERLAM' missing in UK, using English fallback
  INFO: 'STR_BOKERLAM' missing in BE, using English fallback
  INFO: 'STR_BOKERLAM' missing in IT, using English fallback
  INFO: 'STR_BOKERLAM' missing in PL, using English fallback
  INFO: 'STR_BOKERLAM' missing in FI, using English fallback
  INFO: 'STR_BOKERLAM' missing in DA, using English fallback
  INFO: 'STR_BOKERLAM' missing in NL, using English fallback
  INFO: 'STR_BOKERLAM' missing in TR, using English fallback
  INFO: 'STR_BOKERLAM' missing in KK, using English fallback
  INFO: 'STR_BOKERLAM' missing in HU, using English fallback
  INFO: 'STR_BOKERLAM' missing in LT, using English fallback
  INFO: 'STR_BOKERLAM' missing in SI, using English fallback
  INFO: 'STR_KICOMICTAXY' missing in ES, using English fallback
  INFO: 'STR_KICOMICTAXY' missing in FR, using English fallback
  INFO: 'STR_KICOMICTAXY' missing in DE, using English fallback
  INFO: 'STR_KICOMICTAXY' missing in CS, using English fallback
  INFO: 'STR_KICOMICTAXY' missing in PT, using English fallback
  INFO: 'STR_KICOMICTAXY' missing in RU, using English fallback
  INFO: 'STR_KICOMICTAXY' missing in SV, using English fallback
  INFO: 'STR_KICOMICTAXY' missing in RO, using English fallback
  INFO: 'STR_KICOMICTAXY' missing in CA, using English fallback
  INFO: 'STR_KICOMICTAXY' missing in UK, using English fallback
  INFO: 'STR_KICOMICTAXY' missing in BE, using English fallback
  INFO: 'STR_KICOMICTAXY' missing in IT, using English fallback
  INFO: 'STR_KICOMICTAXY' missing in PL, using English fallback
  INFO: 'STR_KICOMICTAXY' missing in FI, using English fallback
  INFO: 'STR_KICOMICTAXY' missing in DA, using English fallback
  INFO: 'STR_KICOMICTAXY' missing in NL, using English fallback
  INFO: 'STR_KICOMICTAXY' missing in TR, using English fallback
  INFO: 'STR_KICOMICTAXY' missing in KK, using English fallback
  INFO: 'STR_KICOMICTAXY' missing in HU, using English fallback
  INFO: 'STR_KICOMICTAXY' missing in LT, using English fallback
  INFO: 'STR_KICOMICTAXY' missing in SI, using English fallback
  INFO: 'STR_NEXT_PAGE' missing in ES, using English fallback
  INFO: 'STR_NEXT_PAGE' missing in FR, using English fallback
  INFO: 'STR_NEXT_PAGE' missing in DE, using English fallback
  INFO: 'STR_NEXT_PAGE' missing in CS, using English fallback
  INFO: 'STR_NEXT_PAGE' missing in PT, using English fallback
  INFO: 'STR_NEXT_PAGE' missing in RU, using English fallback
  INFO: 'STR_NEXT_PAGE' missing in RO, using English fallback
  INFO: 'STR_NEXT_PAGE' missing in CA, using English fallback
  INFO: 'STR_NEXT_PAGE' missing in UK, using English fallback
  INFO: 'STR_NEXT_PAGE' missing in BE, using English fallback
  INFO: 'STR_NEXT_PAGE' missing in IT, using English fallback
  INFO: 'STR_NEXT_PAGE' missing in PL, using English fallback
  INFO: 'STR_NEXT_PAGE' missing in FI, using English fallback
  INFO: 'STR_NEXT_PAGE' missing in DA, using English fallback
  INFO: 'STR_NEXT_PAGE' missing in NL, using English fallback
  INFO: 'STR_NEXT_PAGE' missing in TR, using English fallback
  INFO: 'STR_NEXT_PAGE' missing in KK, using English fallback
  INFO: 'STR_NEXT_PAGE' missing in HU, using English fallback
  INFO: 'STR_NEXT_PAGE' missing in LT, using English fallback
  INFO: 'STR_NEXT_PAGE' missing in SI, using English fallback
  INFO: 'STR_PREV_PAGE' missing in ES, using English fallback
  INFO: 'STR_PREV_PAGE' missing in FR, using English fallback
  INFO: 'STR_PREV_PAGE' missing in DE, using English fallback
  INFO: 'STR_PREV_PAGE' missing in CS, using English fallback
  INFO: 'STR_PREV_PAGE' missing in PT, using English fallback
  INFO: 'STR_PREV_PAGE' missing in RU, using English fallback
  INFO: 'STR_PREV_PAGE' missing in RO, using English fallback
  INFO: 'STR_PREV_PAGE' missing in CA, using English fallback
  INFO: 'STR_PREV_PAGE' missing in UK, using English fallback
  INFO: 'STR_PREV_PAGE' missing in BE, using English fallback
  INFO: 'STR_PREV_PAGE' missing in IT, using English fallback
  INFO: 'STR_PREV_PAGE' missing in PL, using English fallback
  INFO: 'STR_PREV_PAGE' missing in FI, using English fallback
  INFO: 'STR_PREV_PAGE' missing in DA, using English fallback
  INFO: 'STR_PREV_PAGE' missing in NL, using English fallback
  INFO: 'STR_PREV_PAGE' missing in TR, using English fallback
  INFO: 'STR_PREV_PAGE' missing in KK, using English fallback
  INFO: 'STR_PREV_PAGE' missing in HU, using English fallback
  INFO: 'STR_PREV_PAGE' missing in LT, using English fallback
  INFO: 'STR_PREV_PAGE' missing in SI, using English fallback
  INFO: 'STR_SELECTED' missing in CS, using English fallback
  INFO: 'STR_SELECTED' missing in PT, using English fallback
  INFO: 'STR_SELECTED' missing in FI, using English fallback
  INFO: 'STR_SHOW' missing in CS, using English fallback
  INFO: 'STR_SHOW' missing in PT, using English fallback
  INFO: 'STR_SHOW' missing in FI, using English fallback
  INFO: 'STR_HIDE' missing in CS, using English fallback
  INFO: 'STR_HIDE' missing in PT, using English fallback
  INFO: 'STR_HIDE' missing in FI, using English fallback
  INFO: 'STR_CUSTOMISE_STATUS_BAR' missing in CS, using English fallback
  INFO: 'STR_CUSTOMISE_STATUS_BAR' missing in PT, using English fallback
  INFO: 'STR_CUSTOMISE_STATUS_BAR' missing in FI, using English fallback
  INFO: 'STR_CHAPTER_PAGE_COUNT' missing in CS, using English fallback
  INFO: 'STR_CHAPTER_PAGE_COUNT' missing in PT, using English fallback
  INFO: 'STR_CHAPTER_PAGE_COUNT' missing in FI, using English fallback
  INFO: 'STR_BOOK_PROGRESS_PERCENTAGE' missing in CS, using English fallback
  INFO: 'STR_BOOK_PROGRESS_PERCENTAGE' missing in PT, using English fallback
  INFO: 'STR_BOOK_PROGRESS_PERCENTAGE' missing in FI, using English fallback
  INFO: 'STR_PROGRESS_BAR' missing in CS, using English fallback
  INFO: 'STR_PROGRESS_BAR' missing in PT, using English fallback
  INFO: 'STR_PROGRESS_BAR' missing in FI, using English fallback
  INFO: 'STR_PROGRESS_BAR_THICKNESS' missing in CS, using English fallback
  INFO: 'STR_PROGRESS_BAR_THICKNESS' missing in PT, using English fallback
  INFO: 'STR_PROGRESS_BAR_THICKNESS' missing in FI, using English fallback
  INFO: 'STR_PROGRESS_BAR_THIN' missing in CS, using English fallback
  INFO: 'STR_PROGRESS_BAR_THIN' missing in PT, using English fallback
  INFO: 'STR_PROGRESS_BAR_THIN' missing in FI, using English fallback
  INFO: 'STR_PROGRESS_BAR_MEDIUM' missing in CS, using English fallback
  INFO: 'STR_PROGRESS_BAR_MEDIUM' missing in PT, using English fallback
  INFO: 'STR_PROGRESS_BAR_MEDIUM' missing in FI, using English fallback
  INFO: 'STR_PROGRESS_BAR_THICK' missing in CS, using English fallback
  INFO: 'STR_PROGRESS_BAR_THICK' missing in PT, using English fallback
  INFO: 'STR_PROGRESS_BAR_THICK' missing in FI, using English fallback
  INFO: 'STR_BOOK' missing in CS, using English fallback
  INFO: 'STR_BOOK' missing in PT, using English fallback
  INFO: 'STR_BOOK' missing in FI, using English fallback
  INFO: 'STR_CHAPTER' missing in CS, using English fallback
  INFO: 'STR_CHAPTER' missing in PT, using English fallback
  INFO: 'STR_CHAPTER' missing in FI, using English fallback
  INFO: 'STR_EXAMPLE_CHAPTER' missing in CS, using English fallback
  INFO: 'STR_EXAMPLE_CHAPTER' missing in PT, using English fallback
  INFO: 'STR_EXAMPLE_CHAPTER' missing in FI, using English fallback
  INFO: 'STR_EXAMPLE_BOOK' missing in CS, using English fallback
  INFO: 'STR_EXAMPLE_BOOK' missing in PT, using English fallback
  INFO: 'STR_EXAMPLE_BOOK' missing in FI, using English fallback
  INFO: 'STR_PREVIEW' missing in CS, using English fallback
  INFO: 'STR_PREVIEW' missing in PT, using English fallback
  INFO: 'STR_PREVIEW' missing in FI, using English fallback
  INFO: 'STR_TITLE' missing in CS, using English fallback
  INFO: 'STR_TITLE' missing in PT, using English fallback
  INFO: 'STR_TITLE' missing in FI, using English fallback
  INFO: 'STR_BATTERY' missing in CS, using English fallback
  INFO: 'STR_BATTERY' missing in PT, using English fallback
  INFO: 'STR_BATTERY' missing in FI, using English fallback
  INFO: 'STR_THEME_ROUNDEDRAFF' missing in RO, using English fallback
  INFO: 'STR_THEME_ROUNDEDRAFF' missing in CA, using English fallback
  INFO: 'STR_THEME_ROUNDEDRAFF' missing in UK, using English fallback
  INFO: 'STR_THEME_ROUNDEDRAFF' missing in BE, using English fallback
  INFO: 'STR_THEME_ROUNDEDRAFF' missing in IT, using English fallback
  INFO: 'STR_THEME_ROUNDEDRAFF' missing in PL, using English fallback
  INFO: 'STR_THEME_ROUNDEDRAFF' missing in FI, using English fallback
  INFO: 'STR_THEME_ROUNDEDRAFF' missing in DA, using English fallback
  INFO: 'STR_THEME_ROUNDEDRAFF' missing in NL, using English fallback
  INFO: 'STR_THEME_ROUNDEDRAFF' missing in TR, using English fallback
  INFO: 'STR_THEME_ROUNDEDRAFF' missing in KK, using English fallback
  INFO: 'STR_THEME_ROUNDEDRAFF' missing in HU, using English fallback
  INFO: 'STR_THEME_ROUNDEDRAFF' missing in LT, using English fallback
  INFO: 'STR_THEME_ROUNDEDRAFF' missing in SI, using English fallback
  INFO: 'STR_SEARCH' missing in ES, using English fallback
  INFO: 'STR_SEARCH' missing in FR, using English fallback
  INFO: 'STR_SEARCH' missing in DE, using English fallback
  INFO: 'STR_SEARCH' missing in CS, using English fallback
  INFO: 'STR_SEARCH' missing in PT, using English fallback
  INFO: 'STR_SEARCH' missing in RU, using English fallback
  INFO: 'STR_SEARCH' missing in RO, using English fallback
  INFO: 'STR_SEARCH' missing in CA, using English fallback
  INFO: 'STR_SEARCH' missing in UK, using English fallback
  INFO: 'STR_SEARCH' missing in BE, using English fallback
  INFO: 'STR_SEARCH' missing in IT, using English fallback
  INFO: 'STR_SEARCH' missing in PL, using English fallback
  INFO: 'STR_SEARCH' missing in FI, using English fallback
  INFO: 'STR_SEARCH' missing in DA, using English fallback
  INFO: 'STR_SEARCH' missing in NL, using English fallback
  INFO: 'STR_SEARCH' missing in TR, using English fallback
  INFO: 'STR_SEARCH' missing in KK, using English fallback
  INFO: 'STR_SEARCH' missing in HU, using English fallback
  INFO: 'STR_SEARCH' missing in LT, using English fallback
  INFO: 'STR_SEARCH' missing in SI, using English fallback
  INFO: 'STR_DELETE' missing in FI, using English fallback
  INFO: 'STR_DISPLAY_QR' missing in CS, using English fallback
  INFO: 'STR_DISPLAY_QR' missing in PT, using English fallback
  INFO: 'STR_DISPLAY_QR' missing in FI, using English fallback
  INFO: 'STR_FOOTNOTES' missing in CS, using English fallback
  INFO: 'STR_FOOTNOTES' missing in PT, using English fallback
  INFO: 'STR_FOOTNOTES' missing in FI, using English fallback
  INFO: 'STR_NO_FOOTNOTES' missing in CS, using English fallback
  INFO: 'STR_NO_FOOTNOTES' missing in PT, using English fallback
  INFO: 'STR_NO_FOOTNOTES' missing in FI, using English fallback
  INFO: 'STR_LINK' missing in CS, using English fallback
  INFO: 'STR_LINK' missing in PT, using English fallback
  INFO: 'STR_LINK' missing in FI, using English fallback
  INFO: 'STR_ADD_SERVER' missing in ES, using English fallback
  INFO: 'STR_ADD_SERVER' missing in FR, using English fallback
  INFO: 'STR_ADD_SERVER' missing in DE, using English fallback
  INFO: 'STR_ADD_SERVER' missing in CS, using English fallback
  INFO: 'STR_ADD_SERVER' missing in PT, using English fallback
  INFO: 'STR_ADD_SERVER' missing in RO, using English fallback
  INFO: 'STR_ADD_SERVER' missing in CA, using English fallback
  INFO: 'STR_ADD_SERVER' missing in UK, using English fallback
  INFO: 'STR_ADD_SERVER' missing in BE, using English fallback
  INFO: 'STR_ADD_SERVER' missing in IT, using English fallback
  INFO: 'STR_ADD_SERVER' missing in PL, using English fallback
  INFO: 'STR_ADD_SERVER' missing in FI, using English fallback
  INFO: 'STR_ADD_SERVER' missing in DA, using English fallback
  INFO: 'STR_ADD_SERVER' missing in NL, using English fallback
  INFO: 'STR_ADD_SERVER' missing in TR, using English fallback
  INFO: 'STR_ADD_SERVER' missing in KK, using English fallback
  INFO: 'STR_ADD_SERVER' missing in HU, using English fallback
  INFO: 'STR_ADD_SERVER' missing in LT, using English fallback
  INFO: 'STR_ADD_SERVER' missing in SI, using English fallback
  INFO: 'STR_SERVER_NAME' missing in ES, using English fallback
  INFO: 'STR_SERVER_NAME' missing in FR, using English fallback
  INFO: 'STR_SERVER_NAME' missing in DE, using English fallback
  INFO: 'STR_SERVER_NAME' missing in CS, using English fallback
  INFO: 'STR_SERVER_NAME' missing in PT, using English fallback
  INFO: 'STR_SERVER_NAME' missing in RO, using English fallback
  INFO: 'STR_SERVER_NAME' missing in CA, using English fallback
  INFO: 'STR_SERVER_NAME' missing in UK, using English fallback
  INFO: 'STR_SERVER_NAME' missing in BE, using English fallback
  INFO: 'STR_SERVER_NAME' missing in IT, using English fallback
  INFO: 'STR_SERVER_NAME' missing in PL, using English fallback
  INFO: 'STR_SERVER_NAME' missing in FI, using English fallback
  INFO: 'STR_SERVER_NAME' missing in DA, using English fallback
  INFO: 'STR_SERVER_NAME' missing in NL, using English fallback
  INFO: 'STR_SERVER_NAME' missing in TR, using English fallback
  INFO: 'STR_SERVER_NAME' missing in KK, using English fallback
  INFO: 'STR_SERVER_NAME' missing in HU, using English fallback
  INFO: 'STR_SERVER_NAME' missing in LT, using English fallback
  INFO: 'STR_SERVER_NAME' missing in SI, using English fallback
  INFO: 'STR_NO_SERVERS' missing in ES, using English fallback
  INFO: 'STR_NO_SERVERS' missing in FR, using English fallback
  INFO: 'STR_NO_SERVERS' missing in DE, using English fallback
  INFO: 'STR_NO_SERVERS' missing in CS, using English fallback
  INFO: 'STR_NO_SERVERS' missing in PT, using English fallback
  INFO: 'STR_NO_SERVERS' missing in RO, using English fallback
  INFO: 'STR_NO_SERVERS' missing in CA, using English fallback
  INFO: 'STR_NO_SERVERS' missing in UK, using English fallback
  INFO: 'STR_NO_SERVERS' missing in BE, using English fallback
  INFO: 'STR_NO_SERVERS' missing in IT, using English fallback
  INFO: 'STR_NO_SERVERS' missing in PL, using English fallback
  INFO: 'STR_NO_SERVERS' missing in FI, using English fallback
  INFO: 'STR_NO_SERVERS' missing in DA, using English fallback
  INFO: 'STR_NO_SERVERS' missing in NL, using English fallback
  INFO: 'STR_NO_SERVERS' missing in TR, using English fallback
  INFO: 'STR_NO_SERVERS' missing in KK, using English fallback
  INFO: 'STR_NO_SERVERS' missing in HU, using English fallback
  INFO: 'STR_NO_SERVERS' missing in LT, using English fallback
  INFO: 'STR_NO_SERVERS' missing in SI, using English fallback
  INFO: 'STR_DELETE_SERVER' missing in ES, using English fallback
  INFO: 'STR_DELETE_SERVER' missing in FR, using English fallback
  INFO: 'STR_DELETE_SERVER' missing in DE, using English fallback
  INFO: 'STR_DELETE_SERVER' missing in CS, using English fallback
  INFO: 'STR_DELETE_SERVER' missing in PT, using English fallback
  INFO: 'STR_DELETE_SERVER' missing in RO, using English fallback
  INFO: 'STR_DELETE_SERVER' missing in CA, using English fallback
  INFO: 'STR_DELETE_SERVER' missing in UK, using English fallback
  INFO: 'STR_DELETE_SERVER' missing in BE, using English fallback
  INFO: 'STR_DELETE_SERVER' missing in IT, using English fallback
  INFO: 'STR_DELETE_SERVER' missing in PL, using English fallback
  INFO: 'STR_DELETE_SERVER' missing in FI, using English fallback
  INFO: 'STR_DELETE_SERVER' missing in DA, using English fallback
  INFO: 'STR_DELETE_SERVER' missing in NL, using English fallback
  INFO: 'STR_DELETE_SERVER' missing in TR, using English fallback
  INFO: 'STR_DELETE_SERVER' missing in KK, using English fallback
  INFO: 'STR_DELETE_SERVER' missing in HU, using English fallback
  INFO: 'STR_DELETE_SERVER' missing in LT, using English fallback
  INFO: 'STR_DELETE_SERVER' missing in SI, using English fallback
  INFO: 'STR_DELETE_CONFIRM' missing in ES, using English fallback
  INFO: 'STR_DELETE_CONFIRM' missing in FR, using English fallback
  INFO: 'STR_DELETE_CONFIRM' missing in DE, using English fallback
  INFO: 'STR_DELETE_CONFIRM' missing in CS, using English fallback
  INFO: 'STR_DELETE_CONFIRM' missing in PT, using English fallback
  INFO: 'STR_DELETE_CONFIRM' missing in RO, using English fallback
  INFO: 'STR_DELETE_CONFIRM' missing in CA, using English fallback
  INFO: 'STR_DELETE_CONFIRM' missing in UK, using English fallback
  INFO: 'STR_DELETE_CONFIRM' missing in BE, using English fallback
  INFO: 'STR_DELETE_CONFIRM' missing in IT, using English fallback
  INFO: 'STR_DELETE_CONFIRM' missing in PL, using English fallback
  INFO: 'STR_DELETE_CONFIRM' missing in FI, using English fallback
  INFO: 'STR_DELETE_CONFIRM' missing in DA, using English fallback
  INFO: 'STR_DELETE_CONFIRM' missing in NL, using English fallback
  INFO: 'STR_DELETE_CONFIRM' missing in TR, using English fallback
  INFO: 'STR_DELETE_CONFIRM' missing in KK, using English fallback
  INFO: 'STR_DELETE_CONFIRM' missing in HU, using English fallback
  INFO: 'STR_DELETE_CONFIRM' missing in LT, using English fallback
  INFO: 'STR_DELETE_CONFIRM' missing in SI, using English fallback
  INFO: 'STR_OPDS_SERVERS' missing in ES, using English fallback
  INFO: 'STR_OPDS_SERVERS' missing in FR, using English fallback
  INFO: 'STR_OPDS_SERVERS' missing in DE, using English fallback
  INFO: 'STR_OPDS_SERVERS' missing in CS, using English fallback
  INFO: 'STR_OPDS_SERVERS' missing in PT, using English fallback
  INFO: 'STR_OPDS_SERVERS' missing in RO, using English fallback
  INFO: 'STR_OPDS_SERVERS' missing in CA, using English fallback
  INFO: 'STR_OPDS_SERVERS' missing in UK, using English fallback
  INFO: 'STR_OPDS_SERVERS' missing in BE, using English fallback
  INFO: 'STR_OPDS_SERVERS' missing in IT, using English fallback
  INFO: 'STR_OPDS_SERVERS' missing in PL, using English fallback
  INFO: 'STR_OPDS_SERVERS' missing in FI, using English fallback
  INFO: 'STR_OPDS_SERVERS' missing in DA, using English fallback
  INFO: 'STR_OPDS_SERVERS' missing in NL, using English fallback
  INFO: 'STR_OPDS_SERVERS' missing in TR, using English fallback
  INFO: 'STR_OPDS_SERVERS' missing in KK, using English fallback
  INFO: 'STR_OPDS_SERVERS' missing in HU, using English fallback
  INFO: 'STR_OPDS_SERVERS' missing in LT, using English fallback
  INFO: 'STR_OPDS_SERVERS' missing in SI, using English fallback
  INFO: 'STR_AUTO_TURN_ENABLED' missing in CS, using English fallback
  INFO: 'STR_AUTO_TURN_ENABLED' missing in PT, using English fallback
  INFO: 'STR_AUTO_TURN_ENABLED' missing in FI, using English fallback
  INFO: 'STR_AUTO_TURN_PAGES_PER_MIN' missing in CS, using English fallback
  INFO: 'STR_AUTO_TURN_PAGES_PER_MIN' missing in PT, using English fallback
  INFO: 'STR_AUTO_TURN_PAGES_PER_MIN' missing in FI, using English fallback
  INFO: 'STR_CRASH_TITLE' missing in ES, using English fallback
  INFO: 'STR_CRASH_TITLE' missing in FR, using English fallback
  INFO: 'STR_CRASH_TITLE' missing in DE, using English fallback
  INFO: 'STR_CRASH_TITLE' missing in CS, using English fallback
  INFO: 'STR_CRASH_TITLE' missing in PT, using English fallback
  INFO: 'STR_CRASH_TITLE' missing in RU, using English fallback
  INFO: 'STR_CRASH_TITLE' missing in RO, using English fallback
  INFO: 'STR_CRASH_TITLE' missing in CA, using English fallback
  INFO: 'STR_CRASH_TITLE' missing in UK, using English fallback
  INFO: 'STR_CRASH_TITLE' missing in BE, using English fallback
  INFO: 'STR_CRASH_TITLE' missing in IT, using English fallback
  INFO: 'STR_CRASH_TITLE' missing in PL, using English fallback
  INFO: 'STR_CRASH_TITLE' missing in FI, using English fallback
  INFO: 'STR_CRASH_TITLE' missing in DA, using English fallback
  INFO: 'STR_CRASH_TITLE' missing in NL, using English fallback
  INFO: 'STR_CRASH_TITLE' missing in TR, using English fallback
  INFO: 'STR_CRASH_TITLE' missing in KK, using English fallback
  INFO: 'STR_CRASH_TITLE' missing in HU, using English fallback
  INFO: 'STR_CRASH_TITLE' missing in LT, using English fallback
  INFO: 'STR_CRASH_TITLE' missing in SI, using English fallback
  INFO: 'STR_CRASH_DESCRIPTION' missing in ES, using English fallback
  INFO: 'STR_CRASH_DESCRIPTION' missing in FR, using English fallback
  INFO: 'STR_CRASH_DESCRIPTION' missing in DE, using English fallback
  INFO: 'STR_CRASH_DESCRIPTION' missing in CS, using English fallback
  INFO: 'STR_CRASH_DESCRIPTION' missing in PT, using English fallback
  INFO: 'STR_CRASH_DESCRIPTION' missing in RU, using English fallback
  INFO: 'STR_CRASH_DESCRIPTION' missing in RO, using English fallback
  INFO: 'STR_CRASH_DESCRIPTION' missing in CA, using English fallback
  INFO: 'STR_CRASH_DESCRIPTION' missing in UK, using English fallback
  INFO: 'STR_CRASH_DESCRIPTION' missing in BE, using English fallback
  INFO: 'STR_CRASH_DESCRIPTION' missing in IT, using English fallback
  INFO: 'STR_CRASH_DESCRIPTION' missing in PL, using English fallback
  INFO: 'STR_CRASH_DESCRIPTION' missing in FI, using English fallback
  INFO: 'STR_CRASH_DESCRIPTION' missing in DA, using English fallback
  INFO: 'STR_CRASH_DESCRIPTION' missing in NL, using English fallback
  INFO: 'STR_CRASH_DESCRIPTION' missing in TR, using English fallback
  INFO: 'STR_CRASH_DESCRIPTION' missing in KK, using English fallback
  INFO: 'STR_CRASH_DESCRIPTION' missing in HU, using English fallback
  INFO: 'STR_CRASH_DESCRIPTION' missing in LT, using English fallback
  INFO: 'STR_CRASH_DESCRIPTION' missing in SI, using English fallback
  INFO: 'STR_CRASH_REASON' missing in ES, using English fallback
  INFO: 'STR_CRASH_REASON' missing in FR, using English fallback
  INFO: 'STR_CRASH_REASON' missing in DE, using English fallback
  INFO: 'STR_CRASH_REASON' missing in CS, using English fallback
  INFO: 'STR_CRASH_REASON' missing in PT, using English fallback
  INFO: 'STR_CRASH_REASON' missing in RU, using English fallback
  INFO: 'STR_CRASH_REASON' missing in RO, using English fallback
  INFO: 'STR_CRASH_REASON' missing in CA, using English fallback
  INFO: 'STR_CRASH_REASON' missing in UK, using English fallback
  INFO: 'STR_CRASH_REASON' missing in BE, using English fallback
  INFO: 'STR_CRASH_REASON' missing in IT, using English fallback
  INFO: 'STR_CRASH_REASON' missing in PL, using English fallback
  INFO: 'STR_CRASH_REASON' missing in FI, using English fallback
  INFO: 'STR_CRASH_REASON' missing in DA, using English fallback
  INFO: 'STR_CRASH_REASON' missing in NL, using English fallback
  INFO: 'STR_CRASH_REASON' missing in TR, using English fallback
  INFO: 'STR_CRASH_REASON' missing in KK, using English fallback
  INFO: 'STR_CRASH_REASON' missing in HU, using English fallback
  INFO: 'STR_CRASH_REASON' missing in LT, using English fallback
  INFO: 'STR_CRASH_REASON' missing in SI, using English fallback
  INFO: 'STR_CRASH_NO_REASON' missing in ES, using English fallback
  INFO: 'STR_CRASH_NO_REASON' missing in FR, using English fallback
  INFO: 'STR_CRASH_NO_REASON' missing in DE, using English fallback
  INFO: 'STR_CRASH_NO_REASON' missing in CS, using English fallback
  INFO: 'STR_CRASH_NO_REASON' missing in PT, using English fallback
  INFO: 'STR_CRASH_NO_REASON' missing in RU, using English fallback
  INFO: 'STR_CRASH_NO_REASON' missing in RO, using English fallback
  INFO: 'STR_CRASH_NO_REASON' missing in CA, using English fallback
  INFO: 'STR_CRASH_NO_REASON' missing in UK, using English fallback
  INFO: 'STR_CRASH_NO_REASON' missing in BE, using English fallback
  INFO: 'STR_CRASH_NO_REASON' missing in IT, using English fallback
  INFO: 'STR_CRASH_NO_REASON' missing in PL, using English fallback
  INFO: 'STR_CRASH_NO_REASON' missing in FI, using English fallback
  INFO: 'STR_CRASH_NO_REASON' missing in DA, using English fallback
  INFO: 'STR_CRASH_NO_REASON' missing in NL, using English fallback
  INFO: 'STR_CRASH_NO_REASON' missing in TR, using English fallback
  INFO: 'STR_CRASH_NO_REASON' missing in KK, using English fallback
  INFO: 'STR_CRASH_NO_REASON' missing in HU, using English fallback
  INFO: 'STR_CRASH_NO_REASON' missing in LT, using English fallback
  INFO: 'STR_CRASH_NO_REASON' missing in SI, using English fallback
  INFO: 'STR_KB_HINT_MOVE_CURSOR' missing in ES, using English fallback
  INFO: 'STR_KB_HINT_MOVE_CURSOR' missing in FR, using English fallback
  INFO: 'STR_KB_HINT_MOVE_CURSOR' missing in DE, using English fallback
  INFO: 'STR_KB_HINT_MOVE_CURSOR' missing in CS, using English fallback
  INFO: 'STR_KB_HINT_MOVE_CURSOR' missing in PT, using English fallback
  INFO: 'STR_KB_HINT_MOVE_CURSOR' missing in RU, using English fallback
  INFO: 'STR_KB_HINT_MOVE_CURSOR' missing in RO, using English fallback
  INFO: 'STR_KB_HINT_MOVE_CURSOR' missing in CA, using English fallback
  INFO: 'STR_KB_HINT_MOVE_CURSOR' missing in UK, using English fallback
  INFO: 'STR_KB_HINT_MOVE_CURSOR' missing in BE, using English fallback
  INFO: 'STR_KB_HINT_MOVE_CURSOR' missing in IT, using English fallback
  INFO: 'STR_KB_HINT_MOVE_CURSOR' missing in PL, using English fallback
  INFO: 'STR_KB_HINT_MOVE_CURSOR' missing in FI, using English fallback
  INFO: 'STR_KB_HINT_MOVE_CURSOR' missing in DA, using English fallback
  INFO: 'STR_KB_HINT_MOVE_CURSOR' missing in NL, using English fallback
  INFO: 'STR_KB_HINT_MOVE_CURSOR' missing in TR, using English fallback
  INFO: 'STR_KB_HINT_MOVE_CURSOR' missing in KK, using English fallback
  INFO: 'STR_KB_HINT_MOVE_CURSOR' missing in HU, using English fallback
  INFO: 'STR_KB_HINT_MOVE_CURSOR' missing in LT, using English fallback
  INFO: 'STR_KB_HINT_MOVE_CURSOR' missing in SI, using English fallback
  INFO: 'STR_KB_HINT_RETURN_CURSOR' missing in ES, using English fallback
  INFO: 'STR_KB_HINT_RETURN_CURSOR' missing in FR, using English fallback
  INFO: 'STR_KB_HINT_RETURN_CURSOR' missing in DE, using English fallback
  INFO: 'STR_KB_HINT_RETURN_CURSOR' missing in CS, using English fallback
  INFO: 'STR_KB_HINT_RETURN_CURSOR' missing in PT, using English fallback
  INFO: 'STR_KB_HINT_RETURN_CURSOR' missing in RU, using English fallback
  INFO: 'STR_KB_HINT_RETURN_CURSOR' missing in RO, using English fallback
  INFO: 'STR_KB_HINT_RETURN_CURSOR' missing in CA, using English fallback
  INFO: 'STR_KB_HINT_RETURN_CURSOR' missing in UK, using English fallback
  INFO: 'STR_KB_HINT_RETURN_CURSOR' missing in BE, using English fallback
  INFO: 'STR_KB_HINT_RETURN_CURSOR' missing in IT, using English fallback
  INFO: 'STR_KB_HINT_RETURN_CURSOR' missing in PL, using English fallback
  INFO: 'STR_KB_HINT_RETURN_CURSOR' missing in FI, using English fallback
  INFO: 'STR_KB_HINT_RETURN_CURSOR' missing in DA, using English fallback
  INFO: 'STR_KB_HINT_RETURN_CURSOR' missing in NL, using English fallback
  INFO: 'STR_KB_HINT_RETURN_CURSOR' missing in TR, using English fallback
  INFO: 'STR_KB_HINT_RETURN_CURSOR' missing in KK, using English fallback
  INFO: 'STR_KB_HINT_RETURN_CURSOR' missing in HU, using English fallback
  INFO: 'STR_KB_HINT_RETURN_CURSOR' missing in LT, using English fallback
  INFO: 'STR_KB_HINT_RETURN_CURSOR' missing in SI, using English fallback
  INFO: 'STR_KB_HINT_HIDE_PASSWORD' missing in ES, using English fallback
  INFO: 'STR_KB_HINT_HIDE_PASSWORD' missing in FR, using English fallback
  INFO: 'STR_KB_HINT_HIDE_PASSWORD' missing in DE, using English fallback
  INFO: 'STR_KB_HINT_HIDE_PASSWORD' missing in CS, using English fallback
  INFO: 'STR_KB_HINT_HIDE_PASSWORD' missing in PT, using English fallback
  INFO: 'STR_KB_HINT_HIDE_PASSWORD' missing in RU, using English fallback
  INFO: 'STR_KB_HINT_HIDE_PASSWORD' missing in RO, using English fallback
  INFO: 'STR_KB_HINT_HIDE_PASSWORD' missing in CA, using English fallback
  INFO: 'STR_KB_HINT_HIDE_PASSWORD' missing in UK, using English fallback
  INFO: 'STR_KB_HINT_HIDE_PASSWORD' missing in BE, using English fallback
  INFO: 'STR_KB_HINT_HIDE_PASSWORD' missing in IT, using English fallback
  INFO: 'STR_KB_HINT_HIDE_PASSWORD' missing in PL, using English fallback
  INFO: 'STR_KB_HINT_HIDE_PASSWORD' missing in FI, using English fallback
  INFO: 'STR_KB_HINT_HIDE_PASSWORD' missing in DA, using English fallback
  INFO: 'STR_KB_HINT_HIDE_PASSWORD' missing in NL, using English fallback
  INFO: 'STR_KB_HINT_HIDE_PASSWORD' missing in TR, using English fallback
  INFO: 'STR_KB_HINT_HIDE_PASSWORD' missing in KK, using English fallback
  INFO: 'STR_KB_HINT_HIDE_PASSWORD' missing in HU, using English fallback
  INFO: 'STR_KB_HINT_HIDE_PASSWORD' missing in LT, using English fallback
  INFO: 'STR_KB_HINT_HIDE_PASSWORD' missing in SI, using English fallback
  INFO: 'STR_KB_HINT_SHOW_PASSWORD' missing in ES, using English fallback
  INFO: 'STR_KB_HINT_SHOW_PASSWORD' missing in FR, using English fallback
  INFO: 'STR_KB_HINT_SHOW_PASSWORD' missing in DE, using English fallback
  INFO: 'STR_KB_HINT_SHOW_PASSWORD' missing in CS, using English fallback
  INFO: 'STR_KB_HINT_SHOW_PASSWORD' missing in PT, using English fallback
  INFO: 'STR_KB_HINT_SHOW_PASSWORD' missing in RU, using English fallback
  INFO: 'STR_KB_HINT_SHOW_PASSWORD' missing in RO, using English fallback
  INFO: 'STR_KB_HINT_SHOW_PASSWORD' missing in CA, using English fallback
  INFO: 'STR_KB_HINT_SHOW_PASSWORD' missing in UK, using English fallback
  INFO: 'STR_KB_HINT_SHOW_PASSWORD' missing in BE, using English fallback
  INFO: 'STR_KB_HINT_SHOW_PASSWORD' missing in IT, using English fallback
  INFO: 'STR_KB_HINT_SHOW_PASSWORD' missing in PL, using English fallback
  INFO: 'STR_KB_HINT_SHOW_PASSWORD' missing in FI, using English fallback
  INFO: 'STR_KB_HINT_SHOW_PASSWORD' missing in DA, using English fallback
  INFO: 'STR_KB_HINT_SHOW_PASSWORD' missing in NL, using English fallback
  INFO: 'STR_KB_HINT_SHOW_PASSWORD' missing in TR, using English fallback
  INFO: 'STR_KB_HINT_SHOW_PASSWORD' missing in KK, using English fallback
  INFO: 'STR_KB_HINT_SHOW_PASSWORD' missing in HU, using English fallback
  INFO: 'STR_KB_HINT_SHOW_PASSWORD' missing in LT, using English fallback
  INFO: 'STR_KB_HINT_SHOW_PASSWORD' missing in SI, using English fallback
  INFO: 'STR_KB_HINT_TOGGLE_HIDE_PASSWORD' missing in ES, using English fallback
  INFO: 'STR_KB_HINT_TOGGLE_HIDE_PASSWORD' missing in FR, using English fallback
  INFO: 'STR_KB_HINT_TOGGLE_HIDE_PASSWORD' missing in DE, using English fallback
  INFO: 'STR_KB_HINT_TOGGLE_HIDE_PASSWORD' missing in CS, using English fallback
  INFO: 'STR_KB_HINT_TOGGLE_HIDE_PASSWORD' missing in PT, using English fallback
  INFO: 'STR_KB_HINT_TOGGLE_HIDE_PASSWORD' missing in RU, using English fallback
  INFO: 'STR_KB_HINT_TOGGLE_HIDE_PASSWORD' missing in RO, using English fallback
  INFO: 'STR_KB_HINT_TOGGLE_HIDE_PASSWORD' missing in CA, using English fallback
  INFO: 'STR_KB_HINT_TOGGLE_HIDE_PASSWORD' missing in UK, using English fallback
  INFO: 'STR_KB_HINT_TOGGLE_HIDE_PASSWORD' missing in BE, using English fallback
  INFO: 'STR_KB_HINT_TOGGLE_HIDE_PASSWORD' missing in IT, using English fallback
  INFO: 'STR_KB_HINT_TOGGLE_HIDE_PASSWORD' missing in PL, using English fallback
  INFO: 'STR_KB_HINT_TOGGLE_HIDE_PASSWORD' missing in FI, using English fallback
  INFO: 'STR_KB_HINT_TOGGLE_HIDE_PASSWORD' missing in DA, using English fallback
  INFO: 'STR_KB_HINT_TOGGLE_HIDE_PASSWORD' missing in NL, using English fallback
  INFO: 'STR_KB_HINT_TOGGLE_HIDE_PASSWORD' missing in TR, using English fallback
  INFO: 'STR_KB_HINT_TOGGLE_HIDE_PASSWORD' missing in KK, using English fallback
  INFO: 'STR_KB_HINT_TOGGLE_HIDE_PASSWORD' missing in HU, using English fallback
  INFO: 'STR_KB_HINT_TOGGLE_HIDE_PASSWORD' missing in LT, using English fallback
  INFO: 'STR_KB_HINT_TOGGLE_HIDE_PASSWORD' missing in SI, using English fallback
  INFO: 'STR_KB_HINT_TOGGLE_SHOW_PASSWORD' missing in ES, using English fallback
  INFO: 'STR_KB_HINT_TOGGLE_SHOW_PASSWORD' missing in FR, using English fallback
  INFO: 'STR_KB_HINT_TOGGLE_SHOW_PASSWORD' missing in DE, using English fallback
  INFO: 'STR_KB_HINT_TOGGLE_SHOW_PASSWORD' missing in CS, using English fallback
  INFO: 'STR_KB_HINT_TOGGLE_SHOW_PASSWORD' missing in PT, using English fallback
  INFO: 'STR_KB_HINT_TOGGLE_SHOW_PASSWORD' missing in RU, using English fallback
  INFO: 'STR_KB_HINT_TOGGLE_SHOW_PASSWORD' missing in RO, using English fallback
  INFO: 'STR_KB_HINT_TOGGLE_SHOW_PASSWORD' missing in CA, using English fallback
  INFO: 'STR_KB_HINT_TOGGLE_SHOW_PASSWORD' missing in UK, using English fallback
  INFO: 'STR_KB_HINT_TOGGLE_SHOW_PASSWORD' missing in BE, using English fallback
  INFO: 'STR_KB_HINT_TOGGLE_SHOW_PASSWORD' missing in IT, using English fallback
  INFO: 'STR_KB_HINT_TOGGLE_SHOW_PASSWORD' missing in PL, using English fallback
  INFO: 'STR_KB_HINT_TOGGLE_SHOW_PASSWORD' missing in FI, using English fallback
  INFO: 'STR_KB_HINT_TOGGLE_SHOW_PASSWORD' missing in DA, using English fallback
  INFO: 'STR_KB_HINT_TOGGLE_SHOW_PASSWORD' missing in NL, using English fallback
  INFO: 'STR_KB_HINT_TOGGLE_SHOW_PASSWORD' missing in TR, using English fallback
  INFO: 'STR_KB_HINT_TOGGLE_SHOW_PASSWORD' missing in KK, using English fallback
  INFO: 'STR_KB_HINT_TOGGLE_SHOW_PASSWORD' missing in HU, using English fallback
  INFO: 'STR_KB_HINT_TOGGLE_SHOW_PASSWORD' missing in LT, using English fallback
  INFO: 'STR_KB_HINT_TOGGLE_SHOW_PASSWORD' missing in SI, using English fallback
  INFO: 'STR_KB_HINT_EDIT_ENTRY' missing in ES, using English fallback
  INFO: 'STR_KB_HINT_EDIT_ENTRY' missing in FR, using English fallback
  INFO: 'STR_KB_HINT_EDIT_ENTRY' missing in DE, using English fallback
  INFO: 'STR_KB_HINT_EDIT_ENTRY' missing in CS, using English fallback
  INFO: 'STR_KB_HINT_EDIT_ENTRY' missing in PT, using English fallback
  INFO: 'STR_KB_HINT_EDIT_ENTRY' missing in RU, using English fallback
  INFO: 'STR_KB_HINT_EDIT_ENTRY' missing in RO, using English fallback
  INFO: 'STR_KB_HINT_EDIT_ENTRY' missing in CA, using English fallback
  INFO: 'STR_KB_HINT_EDIT_ENTRY' missing in UK, using English fallback
  INFO: 'STR_KB_HINT_EDIT_ENTRY' missing in BE, using English fallback
  INFO: 'STR_KB_HINT_EDIT_ENTRY' missing in IT, using English fallback
  INFO: 'STR_KB_HINT_EDIT_ENTRY' missing in PL, using English fallback
  INFO: 'STR_KB_HINT_EDIT_ENTRY' missing in FI, using English fallback
  INFO: 'STR_KB_HINT_EDIT_ENTRY' missing in DA, using English fallback
  INFO: 'STR_KB_HINT_EDIT_ENTRY' missing in NL, using English fallback
  INFO: 'STR_KB_HINT_EDIT_ENTRY' missing in TR, using English fallback
  INFO: 'STR_KB_HINT_EDIT_ENTRY' missing in KK, using English fallback
  INFO: 'STR_KB_HINT_EDIT_ENTRY' missing in HU, using English fallback
  INFO: 'STR_KB_HINT_EDIT_ENTRY' missing in LT, using English fallback
  INFO: 'STR_KB_HINT_EDIT_ENTRY' missing in SI, using English fallback
  INFO: 'STR_KB_TIPS' missing in ES, using English fallback
  INFO: 'STR_KB_TIPS' missing in FR, using English fallback
  INFO: 'STR_KB_TIPS' missing in DE, using English fallback
  INFO: 'STR_KB_TIPS' missing in CS, using English fallback
  INFO: 'STR_KB_TIPS' missing in PT, using English fallback
  INFO: 'STR_KB_TIPS' missing in RU, using English fallback
  INFO: 'STR_KB_TIPS' missing in RO, using English fallback
  INFO: 'STR_KB_TIPS' missing in CA, using English fallback
  INFO: 'STR_KB_TIPS' missing in UK, using English fallback
  INFO: 'STR_KB_TIPS' missing in BE, using English fallback
  INFO: 'STR_KB_TIPS' missing in IT, using English fallback
  INFO: 'STR_KB_TIPS' missing in PL, using English fallback
  INFO: 'STR_KB_TIPS' missing in FI, using English fallback
  INFO: 'STR_KB_TIPS' missing in DA, using English fallback
  INFO: 'STR_KB_TIPS' missing in NL, using English fallback
  INFO: 'STR_KB_TIPS' missing in TR, using English fallback
  INFO: 'STR_KB_TIPS' missing in KK, using English fallback
  INFO: 'STR_KB_TIPS' missing in HU, using English fallback
  INFO: 'STR_KB_TIPS' missing in LT, using English fallback
  INFO: 'STR_KB_TIPS' missing in SI, using English fallback
  INFO: 'STR_KB_HINT_RETURN_KEYBOARD' missing in ES, using English fallback
  INFO: 'STR_KB_HINT_RETURN_KEYBOARD' missing in FR, using English fallback
  INFO: 'STR_KB_HINT_RETURN_KEYBOARD' missing in DE, using English fallback
  INFO: 'STR_KB_HINT_RETURN_KEYBOARD' missing in CS, using English fallback
  INFO: 'STR_KB_HINT_RETURN_KEYBOARD' missing in PT, using English fallback
  INFO: 'STR_KB_HINT_RETURN_KEYBOARD' missing in RU, using English fallback
  INFO: 'STR_KB_HINT_RETURN_KEYBOARD' missing in RO, using English fallback
  INFO: 'STR_KB_HINT_RETURN_KEYBOARD' missing in CA, using English fallback
  INFO: 'STR_KB_HINT_RETURN_KEYBOARD' missing in UK, using English fallback
  INFO: 'STR_KB_HINT_RETURN_KEYBOARD' missing in BE, using English fallback
  INFO: 'STR_KB_HINT_RETURN_KEYBOARD' missing in IT, using English fallback
  INFO: 'STR_KB_HINT_RETURN_KEYBOARD' missing in PL, using English fallback
  INFO: 'STR_KB_HINT_RETURN_KEYBOARD' missing in FI, using English fallback
  INFO: 'STR_KB_HINT_RETURN_KEYBOARD' missing in DA, using English fallback
  INFO: 'STR_KB_HINT_RETURN_KEYBOARD' missing in NL, using English fallback
  INFO: 'STR_KB_HINT_RETURN_KEYBOARD' missing in TR, using English fallback
  INFO: 'STR_KB_HINT_RETURN_KEYBOARD' missing in KK, using English fallback
  INFO: 'STR_KB_HINT_RETURN_KEYBOARD' missing in HU, using English fallback
  INFO: 'STR_KB_HINT_RETURN_KEYBOARD' missing in LT, using English fallback
  INFO: 'STR_KB_HINT_RETURN_KEYBOARD' missing in SI, using English fallback
  INFO: 'STR_KB_HINT_EXIT_URL_MODE' missing in ES, using English fallback
  INFO: 'STR_KB_HINT_EXIT_URL_MODE' missing in FR, using English fallback
  INFO: 'STR_KB_HINT_EXIT_URL_MODE' missing in DE, using English fallback
  INFO: 'STR_KB_HINT_EXIT_URL_MODE' missing in CS, using English fallback
  INFO: 'STR_KB_HINT_EXIT_URL_MODE' missing in PT, using English fallback
  INFO: 'STR_KB_HINT_EXIT_URL_MODE' missing in RU, using English fallback
  INFO: 'STR_KB_HINT_EXIT_URL_MODE' missing in RO, using English fallback
  INFO: 'STR_KB_HINT_EXIT_URL_MODE' missing in CA, using English fallback
  INFO: 'STR_KB_HINT_EXIT_URL_MODE' missing in UK, using English fallback
  INFO: 'STR_KB_HINT_EXIT_URL_MODE' missing in BE, using English fallback
  INFO: 'STR_KB_HINT_EXIT_URL_MODE' missing in IT, using English fallback
  INFO: 'STR_KB_HINT_EXIT_URL_MODE' missing in PL, using English fallback
  INFO: 'STR_KB_HINT_EXIT_URL_MODE' missing in FI, using English fallback
  INFO: 'STR_KB_HINT_EXIT_URL_MODE' missing in DA, using English fallback
  INFO: 'STR_KB_HINT_EXIT_URL_MODE' missing in NL, using English fallback
  INFO: 'STR_KB_HINT_EXIT_URL_MODE' missing in TR, using English fallback
  INFO: 'STR_KB_HINT_EXIT_URL_MODE' missing in KK, using English fallback
  INFO: 'STR_KB_HINT_EXIT_URL_MODE' missing in HU, using English fallback
  INFO: 'STR_KB_HINT_EXIT_URL_MODE' missing in LT, using English fallback
  INFO: 'STR_KB_HINT_EXIT_URL_MODE' missing in SI, using English fallback
  INFO: 'STR_KB_HINT_CLEAR_TEXT' missing in ES, using English fallback
  INFO: 'STR_KB_HINT_CLEAR_TEXT' missing in FR, using English fallback
  INFO: 'STR_KB_HINT_CLEAR_TEXT' missing in DE, using English fallback
  INFO: 'STR_KB_HINT_CLEAR_TEXT' missing in CS, using English fallback
  INFO: 'STR_KB_HINT_CLEAR_TEXT' missing in PT, using English fallback
  INFO: 'STR_KB_HINT_CLEAR_TEXT' missing in RU, using English fallback
  INFO: 'STR_KB_HINT_CLEAR_TEXT' missing in RO, using English fallback
  INFO: 'STR_KB_HINT_CLEAR_TEXT' missing in CA, using English fallback
  INFO: 'STR_KB_HINT_CLEAR_TEXT' missing in UK, using English fallback
  INFO: 'STR_KB_HINT_CLEAR_TEXT' missing in BE, using English fallback
  INFO: 'STR_KB_HINT_CLEAR_TEXT' missing in IT, using English fallback
  INFO: 'STR_KB_HINT_CLEAR_TEXT' missing in PL, using English fallback
  INFO: 'STR_KB_HINT_CLEAR_TEXT' missing in FI, using English fallback
  INFO: 'STR_KB_HINT_CLEAR_TEXT' missing in DA, using English fallback
  INFO: 'STR_KB_HINT_CLEAR_TEXT' missing in NL, using English fallback
  INFO: 'STR_KB_HINT_CLEAR_TEXT' missing in TR, using English fallback
  INFO: 'STR_KB_HINT_CLEAR_TEXT' missing in KK, using English fallback
  INFO: 'STR_KB_HINT_CLEAR_TEXT' missing in HU, using English fallback
  INFO: 'STR_KB_HINT_CLEAR_TEXT' missing in LT, using English fallback
  INFO: 'STR_KB_HINT_CLEAR_TEXT' missing in SI, using English fallback
  INFO: 'STR_KB_HINT_SECONDARY_CHAR' missing in ES, using English fallback
  INFO: 'STR_KB_HINT_SECONDARY_CHAR' missing in FR, using English fallback
  INFO: 'STR_KB_HINT_SECONDARY_CHAR' missing in DE, using English fallback
  INFO: 'STR_KB_HINT_SECONDARY_CHAR' missing in CS, using English fallback
  INFO: 'STR_KB_HINT_SECONDARY_CHAR' missing in PT, using English fallback
  INFO: 'STR_KB_HINT_SECONDARY_CHAR' missing in RU, using English fallback
  INFO: 'STR_KB_HINT_SECONDARY_CHAR' missing in RO, using English fallback
  INFO: 'STR_KB_HINT_SECONDARY_CHAR' missing in CA, using English fallback
  INFO: 'STR_KB_HINT_SECONDARY_CHAR' missing in UK, using English fallback
  INFO: 'STR_KB_HINT_SECONDARY_CHAR' missing in BE, using English fallback
  INFO: 'STR_KB_HINT_SECONDARY_CHAR' missing in IT, using English fallback
  INFO: 'STR_KB_HINT_SECONDARY_CHAR' missing in PL, using English fallback
  INFO: 'STR_KB_HINT_SECONDARY_CHAR' missing in FI, using English fallback
  INFO: 'STR_KB_HINT_SECONDARY_CHAR' missing in DA, using English fallback
  INFO: 'STR_KB_HINT_SECONDARY_CHAR' missing in NL, using English fallback
  INFO: 'STR_KB_HINT_SECONDARY_CHAR' missing in TR, using English fallback
  INFO: 'STR_KB_HINT_SECONDARY_CHAR' missing in KK, using English fallback
  INFO: 'STR_KB_HINT_SECONDARY_CHAR' missing in HU, using English fallback
  INFO: 'STR_KB_HINT_SECONDARY_CHAR' missing in LT, using English fallback
  INFO: 'STR_KB_HINT_SECONDARY_CHAR' missing in SI, using English fallback
  INFO: 'STR_KB_HINT_UPPER_SECONDARY' missing in ES, using English fallback
  INFO: 'STR_KB_HINT_UPPER_SECONDARY' missing in FR, using English fallback
  INFO: 'STR_KB_HINT_UPPER_SECONDARY' missing in DE, using English fallback
  INFO: 'STR_KB_HINT_UPPER_SECONDARY' missing in CS, using English fallback
  INFO: 'STR_KB_HINT_UPPER_SECONDARY' missing in PT, using English fallback
  INFO: 'STR_KB_HINT_UPPER_SECONDARY' missing in RU, using English fallback
  INFO: 'STR_KB_HINT_UPPER_SECONDARY' missing in RO, using English fallback
  INFO: 'STR_KB_HINT_UPPER_SECONDARY' missing in CA, using English fallback
  INFO: 'STR_KB_HINT_UPPER_SECONDARY' missing in UK, using English fallback
  INFO: 'STR_KB_HINT_UPPER_SECONDARY' missing in BE, using English fallback
  INFO: 'STR_KB_HINT_UPPER_SECONDARY' missing in IT, using English fallback
  INFO: 'STR_KB_HINT_UPPER_SECONDARY' missing in PL, using English fallback
  INFO: 'STR_KB_HINT_UPPER_SECONDARY' missing in FI, using English fallback
  INFO: 'STR_KB_HINT_UPPER_SECONDARY' missing in DA, using English fallback
  INFO: 'STR_KB_HINT_UPPER_SECONDARY' missing in NL, using English fallback
  INFO: 'STR_KB_HINT_UPPER_SECONDARY' missing in TR, using English fallback
  INFO: 'STR_KB_HINT_UPPER_SECONDARY' missing in KK, using English fallback
  INFO: 'STR_KB_HINT_UPPER_SECONDARY' missing in HU, using English fallback
  INFO: 'STR_KB_HINT_UPPER_SECONDARY' missing in LT, using English fallback
  INFO: 'STR_KB_HINT_UPPER_SECONDARY' missing in SI, using English fallback
  INFO: 'STR_KB_HINT_LOWER_SECONDARY' missing in ES, using English fallback
  INFO: 'STR_KB_HINT_LOWER_SECONDARY' missing in FR, using English fallback
  INFO: 'STR_KB_HINT_LOWER_SECONDARY' missing in DE, using English fallback
  INFO: 'STR_KB_HINT_LOWER_SECONDARY' missing in CS, using English fallback
  INFO: 'STR_KB_HINT_LOWER_SECONDARY' missing in PT, using English fallback
  INFO: 'STR_KB_HINT_LOWER_SECONDARY' missing in RU, using English fallback
  INFO: 'STR_KB_HINT_LOWER_SECONDARY' missing in RO, using English fallback
  INFO: 'STR_KB_HINT_LOWER_SECONDARY' missing in CA, using English fallback
  INFO: 'STR_KB_HINT_LOWER_SECONDARY' missing in UK, using English fallback
  INFO: 'STR_KB_HINT_LOWER_SECONDARY' missing in BE, using English fallback
  INFO: 'STR_KB_HINT_LOWER_SECONDARY' missing in IT, using English fallback
  INFO: 'STR_KB_HINT_LOWER_SECONDARY' missing in PL, using English fallback
  INFO: 'STR_KB_HINT_LOWER_SECONDARY' missing in FI, using English fallback
  INFO: 'STR_KB_HINT_LOWER_SECONDARY' missing in DA, using English fallback
  INFO: 'STR_KB_HINT_LOWER_SECONDARY' missing in NL, using English fallback
  INFO: 'STR_KB_HINT_LOWER_SECONDARY' missing in TR, using English fallback
  INFO: 'STR_KB_HINT_LOWER_SECONDARY' missing in KK, using English fallback
  INFO: 'STR_KB_HINT_LOWER_SECONDARY' missing in HU, using English fallback
  INFO: 'STR_KB_HINT_LOWER_SECONDARY' missing in LT, using English fallback
  INFO: 'STR_KB_HINT_LOWER_SECONDARY' missing in SI, using English fallback
  INFO: 'STR_KB_HINT_URL_SNIPPETS' missing in ES, using English fallback
  INFO: 'STR_KB_HINT_URL_SNIPPETS' missing in FR, using English fallback
  INFO: 'STR_KB_HINT_URL_SNIPPETS' missing in DE, using English fallback
  INFO: 'STR_KB_HINT_URL_SNIPPETS' missing in CS, using English fallback
  INFO: 'STR_KB_HINT_URL_SNIPPETS' missing in PT, using English fallback
  INFO: 'STR_KB_HINT_URL_SNIPPETS' missing in RU, using English fallback
  INFO: 'STR_KB_HINT_URL_SNIPPETS' missing in RO, using English fallback
  INFO: 'STR_KB_HINT_URL_SNIPPETS' missing in CA, using English fallback
  INFO: 'STR_KB_HINT_URL_SNIPPETS' missing in UK, using English fallback
  INFO: 'STR_KB_HINT_URL_SNIPPETS' missing in BE, using English fallback
  INFO: 'STR_KB_HINT_URL_SNIPPETS' missing in IT, using English fallback
  INFO: 'STR_KB_HINT_URL_SNIPPETS' missing in PL, using English fallback
  INFO: 'STR_KB_HINT_URL_SNIPPETS' missing in FI, using English fallback
  INFO: 'STR_KB_HINT_URL_SNIPPETS' missing in DA, using English fallback
  INFO: 'STR_KB_HINT_URL_SNIPPETS' missing in NL, using English fallback
  INFO: 'STR_KB_HINT_URL_SNIPPETS' missing in TR, using English fallback
  INFO: 'STR_KB_HINT_URL_SNIPPETS' missing in KK, using English fallback
  INFO: 'STR_KB_HINT_URL_SNIPPETS' missing in HU, using English fallback
  INFO: 'STR_KB_HINT_URL_SNIPPETS' missing in LT, using English fallback
  INFO: 'STR_KB_HINT_URL_SNIPPETS' missing in SI, using English fallback
  WARNING: DE has keys not in English: STR_REGISTER, STR_REGISTERING, STR_REGISTER_SUCCESS, STR_REGISTER_FAILED, STR_USERNAME_TAKEN, STR_REMOVE, STR_PAGE_OVERLAY, STR_RECENTS, STR_MAPPING_REMOTE, STR_MAPPING_LOCAL, STR_INFO, STR_AUTHOR, STR_SERIES, STR_FILE_SIZE, STR_SLEEP_COVER_OVERLAY, STR_SYSTEM_INFO, STR_LOAD_XTC_FAILED, STR_LOAD_EPUB_FAILED, STR_FW_VERSION, STR_CHIP, STR_CPU, STR_MHZ, STR_FREE_RAM, STR_MIN_FREE, STR_MAX_BLOCK, STR_FLASH_USED, STR_UPTIME, STR_CHARGING, STR_GATHERING_DATA, STR_READING
Loaded 22 languages, 333 string keys
Generated: lib\I18n\I18nKeys.h
Generated: lib\I18n\I18nStrings.h
Generated: lib\I18n\I18nStrings.cpp

